- 'One of your checkers has failed: ProtoneMedia\ApiHealth\Tests\TestCheckers\FailingChecker.'
- 'The first time it failed was at 2018-07-01 14:00:00. So far the total number of failures (in succession) is 1.'
- 'The exception message: TestChecker fails!'
