Running checker: ProtoneMedia\ApiHealth\Tests\TestCheckers\PassingChecker
Passes!
