Total checkers run: 2

Passing checkers:
+-------------------------------------------------------------------+
| Checker                                                           |
+-------------------------------------------------------------------+
| ProtoneMedia\ApiHealth\Tests\TestCheckers\EveryMinuteChecker      |
| ProtoneMedia\ApiHealth\Tests\TestCheckers\EveryFiveMinutesChecker |
+-------------------------------------------------------------------+
